
******************************************************************************
This program contains Ipopt, a library for large-scale nonlinear optimization.
 Ipopt is released as open source code under the Eclipse Public License (EPL).
         For more information visit https://github.com/coin-or/Ipopt
******************************************************************************

public118-ipopt-smallpush: LOCALLY_SOLVED valid=true
public118-ipopt-cont-0.0001: LOCALLY_SOLVED valid=false
public118-ipopt-cont-1.0e-5: ITERATION_LIMIT valid=false
public118-ipopt-cont-1.0e-6: ITERATION_LIMIT valid=false
public118-ipopt-cont-7.142674709741505e-10: ITERATION_LIMIT valid=false
public118-ipopt-load-1.025: ALMOST_LOCALLY_SOLVED valid=true
public118-ipopt-load-1.05: LOCALLY_SOLVED valid=true
public118-madnlp-smallpush: SLOW_PROGRESS valid=false
public118-madnlp-cont-0.0001: SLOW_PROGRESS valid=false
public118-madnlp-cont-1.0e-5: SLOW_PROGRESS valid=false
public118-madnlp-cont-1.0e-6: SLOW_PROGRESS valid=false
public118-madnlp-cont-7.142674709741505e-10: ITERATION_LIMIT valid=false
public118-madnlp-load-1.025: ITERATION_LIMIT valid=false
public118-madnlp-load-1.05: LOCALLY_SOLVED valid=true
public300-ipopt-smallpush: ALMOST_LOCALLY_SOLVED valid=true
public300-ipopt-cont-0.0001: LOCALLY_SOLVED valid=false
public300-ipopt-cont-1.0e-5: ALMOST_LOCALLY_SOLVED valid=false
public300-ipopt-cont-1.0e-6: ITERATION_LIMIT valid=false
public300-ipopt-cont-7.170331233918775e-10: ITERATION_LIMIT valid=false
public300-ipopt-load-1.025: ITERATION_LIMIT valid=false
public300-ipopt-load-1.05: ITERATION_LIMIT valid=false
public300-madnlp-smallpush: LOCALLY_SOLVED valid=true
public300-madnlp-cont-0.0001: LOCALLY_SOLVED valid=false
public300-madnlp-cont-1.0e-5: LOCALLY_SOLVED valid=true
public300-madnlp-cont-1.0e-6: LOCALLY_SOLVED valid=true
public300-madnlp-cont-7.170331233918775e-10: LOCALLY_SOLVED valid=true
public300-madnlp-load-1.025: SLOW_PROGRESS valid=false
public300-madnlp-load-1.05: LOCALLY_SOLVED valid=true
