
******************************************************************************
This program contains Ipopt, a library for large-scale nonlinear optimization.
 Ipopt is released as open source code under the Eclipse Public License (EPL).
         For more information visit https://github.com/coin-or/Ipopt
******************************************************************************

n4-000: LOCALLY_SOLVED valid=true
n4-001: LOCALLY_SOLVED valid=true
n4-010: LOCALLY_SOLVED valid=true
n4-011: LOCALLY_SOLVED valid=true
n4-100: LOCALLY_SOLVED valid=true
n4-101: ITERATION_LIMIT valid=false
n4-110: LOCALLY_SOLVED valid=true
n4-111: ITERATION_LIMIT valid=false
n4-111-scaled: ITERATION_LIMIT valid=false
n32-000: LOCALLY_SOLVED valid=true
n32-001: ALMOST_LOCALLY_SOLVED valid=true
n32-010: LOCALLY_SOLVED valid=true
n32-011: LOCALLY_SOLVED valid=true
n32-100: LOCALLY_SOLVED valid=true
n32-101: ITERATION_LIMIT valid=false
n32-110: LOCALLY_SOLVED valid=true
n32-111: ITERATION_LIMIT valid=false
n32-111-scaled: ITERATION_LIMIT valid=false
