
******************************************************************************
This program contains Ipopt, a library for large-scale nonlinear optimization.
 Ipopt is released as open source code under the Eclipse Public License (EPL).
         For more information visit https://github.com/coin-or/Ipopt
******************************************************************************

This is Ipopt version 3.14.19, running with linear solver MUMPS 5.9.0.

Starting derivative checker for first derivatives.

Starting derivative checker for second derivatives with obj_factor or lambda[i] set to 1.5.


No errors detected by derivative checker.

Number of nonzeros in equality constraint Jacobian...:      192
Number of nonzeros in inequality constraint Jacobian.:      114
Number of nonzeros in Lagrangian Hessian.............:      752

Total number of variables............................:       39
                     variables with only lower bounds:        0
                variables with lower and upper bounds:       39
                     variables with only upper bounds:        0
Total number of equality constraints.................:       32
Total number of inequality constraints...............:       30
        inequality constraints with only lower bounds:        0
   inequality constraints with lower and upper bounds:        0
        inequality constraints with only upper bounds:       30

iter    objective    inf_pr   inf_du lg(mu)  ||d||  lg(rg) alpha_du alpha_pr  ls
   0  1.1069185e-03 3.44e-15 1.77e-01   0.0 0.00e+00    -  0.00e+00 0.00e+00   0

Number of Iterations....: 0

                                   (scaled)                 (unscaled)
Objective...............:   1.1069184684879051e-03    1.1069184684879051e-03
Dual infeasibility......:   1.7690800245747873e-01    1.7690800245747873e-01
Constraint violation....:   3.4416913763379853e-15    3.4416913763379853e-15
Variable bound violation:   0.0000000000000000e+00    0.0000000000000000e+00
Complementarity.........:   3.9988623880772982e+00    3.9988623880772982e+00
Overall NLP error.......:   3.9988623880772982e+00    3.9988623880772982e+00


Number of objective function evaluations             = 1
Number of objective gradient evaluations             = 1
Number of equality constraint evaluations            = 1
Number of inequality constraint evaluations          = 1
Number of equality constraint Jacobian evaluations   = 1
Number of inequality constraint Jacobian evaluations = 1
Number of Lagrangian Hessian evaluations             = 0
Total seconds in IPOPT                               = 10.921

EXIT: Maximum Number of Iterations Exceeded.
fixed-derivatives: ITERATION_LIMIT valid=false
This is Ipopt version 3.14.19, running with linear solver MUMPS 5.9.0.

Starting derivative checker for first derivatives.

Starting derivative checker for second derivatives with obj_factor or lambda[i] set to 1.5.


No errors detected by derivative checker.

Number of nonzeros in equality constraint Jacobian...:      232
Number of nonzeros in inequality constraint Jacobian.:      122
Number of nonzeros in Lagrangian Hessian.............:      914

Total number of variables............................:       59
                     variables with only lower bounds:        0
                variables with lower and upper bounds:       59
                     variables with only upper bounds:        0
Total number of equality constraints.................:       32
Total number of inequality constraints...............:       30
        inequality constraints with only lower bounds:        0
   inequality constraints with lower and upper bounds:        0
        inequality constraints with only upper bounds:       30

iter    objective    inf_pr   inf_du lg(mu)  ||d||  lg(rg) alpha_du alpha_pr  ls
   0  1.1069185e-03 3.44e-15 5.33e-01   0.0 0.00e+00    -  0.00e+00 0.00e+00   0

Number of Iterations....: 0

                                   (scaled)                 (unscaled)
Objective...............:   1.1069184684879051e-03    1.1069184684879051e-03
Dual infeasibility......:   5.3281001836154296e-01    5.3281001836154296e-01
Constraint violation....:   3.4416913763379853e-15    3.4416913763379853e-15
Variable bound violation:   0.0000000000000000e+00    0.0000000000000000e+00
Complementarity.........:   3.9988623880772982e+00    3.9988623880772982e+00
Overall NLP error.......:   3.9988623880772982e+00    3.9988623880772982e+00


Number of objective function evaluations             = 1
Number of objective gradient evaluations             = 1
Number of equality constraint evaluations            = 1
Number of inequality constraint evaluations          = 1
Number of equality constraint Jacobian evaluations   = 1
Number of inequality constraint Jacobian evaluations = 1
Number of Lagrangian Hessian evaluations             = 0
Total seconds in IPOPT                               = 1.417

EXIT: Maximum Number of Iterations Exceeded.
joint-derivatives: ITERATION_LIMIT valid=false
