
******************************************************************************
This program contains Ipopt, a library for large-scale nonlinear optimization.
 Ipopt is released as open source code under the Eclipse Public License (EPL).
         For more information visit https://github.com/coin-or/Ipopt
******************************************************************************

public118-baseline: LOCALLY_SOLVED valid=true
public118-load1.0-ipopt-anchor: LOCALLY_SOLVED valid=true
public118-load1.0-ipopt-flat_low: LOCALLY_SOLVED valid=true
public118-load1.0-ipopt-flat_high: LOCALLY_SOLVED valid=true
public118-load1.0-madnlp-anchor: SLOW_PROGRESS valid=false
public118-load1.0-madnlp-flat_low: ITERATION_LIMIT valid=false
public118-load1.0-madnlp-flat_high: LOCALLY_INFEASIBLE valid=false
public118-load1.05-ipopt-anchor: LOCALLY_SOLVED valid=true
public118-load1.05-ipopt-flat_low: ITERATION_LIMIT valid=false
public118-load1.05-ipopt-flat_high: ITERATION_LIMIT valid=false
public118-load1.05-madnlp-anchor: LOCALLY_SOLVED valid=false
public118-load1.05-madnlp-flat_low: LOCALLY_SOLVED valid=true
public118-load1.05-madnlp-flat_high: ITERATION_LIMIT valid=false
public118-count0.0: LOCALLY_SOLVED valid=true
public118-count0.5: LOCALLY_SOLVED valid=true
public300-baseline: LOCALLY_SOLVED valid=true
public300-load1.0-ipopt-anchor: ITERATION_LIMIT valid=false
public300-load1.0-ipopt-flat_low: ITERATION_LIMIT valid=false
public300-load1.0-ipopt-flat_high: ITERATION_LIMIT valid=false
public300-load1.0-madnlp-anchor: LOCALLY_SOLVED valid=true
public300-load1.0-madnlp-flat_low: ITERATION_LIMIT valid=false
public300-load1.0-madnlp-flat_high: SLOW_PROGRESS valid=false
public300-load1.05-ipopt-anchor: ITERATION_LIMIT valid=false
public300-load1.05-ipopt-flat_low: ALMOST_LOCALLY_SOLVED valid=true
public300-load1.05-ipopt-flat_high: ITERATION_LIMIT valid=false
public300-load1.05-madnlp-anchor: LOCALLY_SOLVED valid=true
public300-load1.05-madnlp-flat_low: SLOW_PROGRESS valid=false
public300-load1.05-madnlp-flat_high: SLOW_PROGRESS valid=false
public300-count0.0: LOCALLY_SOLVED valid=true
public300-count0.5: ITERATION_LIMIT valid=false
