
******************************************************************************
This program contains Ipopt, a library for large-scale nonlinear optimization.
 Ipopt is released as open source code under the Eclipse Public License (EPL).
         For more information visit https://github.com/coin-or/Ipopt
******************************************************************************

n4-000: LOCALLY_SOLVED valid=true
n4-001: LOCALLY_SOLVED valid=true
n4-010: LOCALLY_SOLVED valid=true
n4-011: LOCALLY_SOLVED valid=true
n4-100: LOCALLY_SOLVED valid=true
n4-101: LOCALLY_SOLVED valid=true
n4-110: LOCALLY_SOLVED valid=true
n4-111: LOCALLY_SOLVED valid=true
n4-111-scaled: LOCALLY_SOLVED valid=true
n32-000: LOCALLY_SOLVED valid=true
n32-001: LOCALLY_SOLVED valid=true
n32-010: LOCALLY_SOLVED valid=true
n32-011: LOCALLY_SOLVED valid=true
n32-100: LOCALLY_SOLVED valid=true
n32-101: LOCALLY_SOLVED valid=true
n32-110: LOCALLY_SOLVED valid=true
n32-111: LOCALLY_SOLVED valid=true
n32-111-scaled: LOCALLY_SOLVED valid=true
Precompiling packages...
   4610.8 ms  ✓ DroopOPF
  1 dependency successfully precompiled in 5 seconds. 106 already precompiled.
