
******************************************************************************
This program contains Ipopt, a library for large-scale nonlinear optimization.
 Ipopt is released as open source code under the Eclipse Public License (EPL).
         For more information visit https://github.com/coin-or/Ipopt
******************************************************************************

n4-ipopt-feasible: LOCALLY_SOLVED valid=true
n4-ipopt-flat_low: LOCALLY_SOLVED valid=true
n4-ipopt-flat_high: LOCALLY_SOLVED valid=true
n4-madnlp-feasible: LOCALLY_SOLVED valid=true
n4-madnlp-flat_low: LOCALLY_SOLVED valid=true
n4-madnlp-flat_high: LOCALLY_SOLVED valid=true
n32-ipopt-feasible: LOCALLY_SOLVED valid=true
n32-ipopt-flat_low: LOCALLY_SOLVED valid=true
n32-ipopt-flat_high: LOCALLY_SOLVED valid=true
n32-madnlp-feasible: LOCALLY_SOLVED valid=true
n32-madnlp-flat_low: LOCALLY_SOLVED valid=true
n32-madnlp-flat_high: LOCALLY_SOLVED valid=true
count-droop_controls-0: LOCALLY_SOLVED valid=true
count-droop_controls-1: LOCALLY_SOLVED valid=true
count-droop_controls-16: LOCALLY_SOLVED valid=true
count-droop_controls-32: LOCALLY_SOLVED valid=true
count-droop_controls-64: LOCALLY_SOLVED valid=true
count-tap_controls-0: LOCALLY_SOLVED valid=true
count-tap_controls-1: LOCALLY_SOLVED valid=true
count-tap_controls-8: LOCALLY_SOLVED valid=true
count-tap_controls-16: LOCALLY_SOLVED valid=true
count-tap_controls-32: LOCALLY_SOLVED valid=true
count-shunt_controls-0: LOCALLY_SOLVED valid=true
count-shunt_controls-1: LOCALLY_SOLVED valid=true
count-shunt_controls-16: LOCALLY_SOLVED valid=true
count-shunt_controls-32: LOCALLY_SOLVED valid=true
count-shunt_controls-64: LOCALLY_SOLVED valid=true
smoothing-0.0001: LOCALLY_SOLVED valid=true
smoothing-1.0e-5: LOCALLY_SOLVED valid=true
smoothing-1.0e-7: LOCALLY_SOLVED valid=true
continuation-0.0001: LOCALLY_SOLVED valid=true
continuation-1.0e-5: LOCALLY_SOLVED valid=true
continuation-1.0e-6: LOCALLY_SOLVED valid=true
staged-droop: LOCALLY_SOLVED valid=true
staged-joint: LOCALLY_SOLVED valid=true
